// Jest Snapshot v1, https://goo.gl/fbAQLP

exports[`renders correctly 1`] = `
<div
  className="container"
>
  <button
    className="incrementButton"
    onClick={[Function]}
  />
  <div
    className="textWrapper"
  >
    <span
      className="duration"
    >
      6
    </span>
    <span
      className="unit"
    >
      s
    </span>
  </div>
  <button
    className="decrementButton"
    onClick={[Function]}
  />
</div>
`;
