// Jest Snapshot v1, https://goo.gl/fbAQLP

exports[`renders correctly 1`] = `
<div
  className="container false false"
>
  <button
    className="button incrementButton"
    onClick={[Function]}
  >
    <div
      className="arrow"
    />
  </button>
  <div
    className="textWrapper"
  >
    <span
      className="duration"
    >
      6
    </span>
    <span
      className="unit"
    >
      s
    </span>
  </div>
  <button
    className="button decrementButton"
    onClick={[Function]}
  >
    <div
      className="arrow"
    />
  </button>
</div>
`;
